2005.11.06 10:49 B c:\ray\web\BAXTER.htm <-- ROOTSWEB /genealogy_html BAXTER.htm
2005.11.06 10:50 B c:\ray\web\BAXTER.htm --> users.freepages.rootsweb.com /genealogy_html BAXTER.htm
2005.11.06 10:50 B c:\ray\web\BAXTER.htm --> users.freepages.rootsweb.com / BAXTER.htm
2005.11.06 10:53 B c:\ray\web\BROOKE2.htm <-- ROOTSWEB /genealogy_html BROOKE2.htm
2005.11.06 10:53 B c:\ray\web\brooker.gif <-- ROOTSWEB /genealogy_html brooker.gif
2005.11.06 10:53 B c:\ray\web\brooker.jpg <-- ROOTSWEB /genealogy_html brooker.jpg
2005.11.06 10:53 B c:\ray\web\brookerf.htm <-- ROOTSWEB /genealogy_html brookerf.htm
2005.11.06 10:53 B c:\ray\web\brookers.htm <-- ROOTSWEB /genealogy_html brookers.htm
2005.11.06 10:53 B c:\ray\web\brookers1.htm <-- ROOTSWEB /genealogy_html brookers1.htm
2005.11.06 10:54 B c:\ray\web\catherinew.gif <-- ROOTSWEB /genealogy_html catherinew.gif
2005.11.06 10:54 B c:\ray\web\clonlara.gif <-- ROOTSWEB /genealogy_html clonlara.gif
2005.11.06 10:54 B c:\ray\web\CLOUD.GIF <-- ROOTSWEB /genealogy_html CLOUD.GIF
2005.11.06 10:54 B c:\ray\web\CONTENT.GIF <-- ROOTSWEB /genealogy_html CONTENT.GIF
2005.11.06 10:54 B c:\ray\web\Count.gif <-- ROOTSWEB /genealogy_html Count.gif
2005.11.06 10:54 B c:\ray\web\death details.gif <-- ROOTSWEB /genealogy_html death details.gif
2005.11.06 10:54 B c:\ray\web\death details.jpg <-- ROOTSWEB /genealogy_html death details.jpg
2005.11.06 10:54 B c:\ray\web\ecclesto.htm <-- ROOTSWEB /genealogy_html ecclesto.htm
2005.11.06 10:55 B c:\ray\web\edward.htm <-- ROOTSWEB /genealogy_html edward.htm
2005.11.06 10:55 B c:\ray\web\edwardw.gif <-- ROOTSWEB /genealogy_html edwardw.gif
2005.11.06 10:55 B c:\ray\web\Eli and Mary.jpg <-- ROOTSWEB /genealogy_html Eli and Mary.jpg
2005.11.06 10:55 B c:\ray\web\eli.gif <-- ROOTSWEB /genealogy_html eli.gif
2005.11.06 10:55 B c:\ray\web\ellenw.gif <-- ROOTSWEB /genealogy_html ellenw.gif
2005.11.06 10:55 B c:\ray\web\eugene john o'halloran.jpg <-- ROOTSWEB /genealogy_html eugene john o'halloran.jpg
2005.11.06 10:55 B c:\ray\web\eugeneoh.jpg <-- ROOTSWEB /genealogy_html eugeneoh.jpg
2005.11.06 10:55 B c:\ray\web\firhill.gif <-- ROOTSWEB /genealogy_html firhill.gif
2005.11.06 10:55 B c:\ray\web\gleeson2.gif <-- ROOTSWEB /genealogy_html gleeson2.gif
2005.11.06 10:56 B c:\ray\web\gleeson6.gif <-- ROOTSWEB /genealogy_html gleeson6.gif
2005.11.06 10:56 B c:\ray\web\Griffith.gif <-- ROOTSWEB /genealogy_html Griffith.gif
2005.11.06 10:56 B c:\ray\web\hannah.jpg <-- ROOTSWEB /genealogy_html hannah.jpg
2005.11.06 10:56 B c:\ray\web\headstone.jpg <-- ROOTSWEB /genealogy_html headstone.jpg
2005.11.06 10:57 B c:\ray\web\headstone1.jpg <-- ROOTSWEB /genealogy_html headstone1.jpg
2005.11.06 10:57 B c:\ray\web\headstonemb.gif <-- ROOTSWEB /genealogy_html headstonemb.gif
2005.11.06 10:57 B c:\ray\web\HLPBELL.GIF <-- ROOTSWEB /genealogy_html HLPBELL.GIF
2005.11.06 10:57 B c:\ray\web\HLPCD.GIF <-- ROOTSWEB /genealogy_html HLPCD.GIF
2005.11.06 10:57 B c:\ray\web\HLPGLOBE.GIF <-- ROOTSWEB /genealogy_html HLPGLOBE.GIF
2005.11.06 10:57 B c:\ray\web\HLPLOGO.GIF <-- ROOTSWEB /genealogy_html HLPLOGO.GIF
2005.11.06 10:57 B c:\ray\web\HLPSTEP1.GIF <-- ROOTSWEB /genealogy_html HLPSTEP1.GIF
2005.11.06 10:57 B c:\ray\web\HLPSTEP2.GIF <-- ROOTSWEB /genealogy_html HLPSTEP2.GIF
2005.11.06 10:57 B c:\ray\web\HLPSTEP3.GIF <-- ROOTSWEB /genealogy_html HLPSTEP3.GIF
2005.11.06 10:57 B c:\ray\web\homepage.htm <-- ROOTSWEB /genealogy_html homepage.htm
2005.11.06 10:57 B c:\ray\web\Image1.gif <-- ROOTSWEB /genealogy_html Image1.gif
2005.11.06 10:57 B c:\ray\web\index.htm <-- ROOTSWEB /genealogy_html index.htm
2005.11.06 10:58 B c:\ray\web\Inquest.gif <-- ROOTSWEB /genealogy_html Inquest.gif
2005.11.06 10:59 B c:\ray\web\Inquest.jpg <-- ROOTSWEB /genealogy_html Inquest.jpg
2005.11.06 10:59 B c:\ray\web\ireland.htm <-- ROOTSWEB /genealogy_html ireland.htm
2005.11.06 10:59 B c:\ray\web\James Edward O'Halloran.jpg <-- ROOTSWEB /genealogy_html James Edward O'Halloran.jpg
2005.11.06 11:00 B c:\ray\web\jamesd.gif <-- ROOTSWEB /genealogy_html jamesd.gif
2005.11.06 11:00 B c:\ray\web\lanehis.htm <-- ROOTSWEB /genealogy_html lanehis.htm
2005.11.06 11:00 B c:\ray\web\lanes1.htm <-- ROOTSWEB /genealogy_html lanes1.htm
2005.11.06 11:00 B c:\ray\web\lines.htm <-- ROOTSWEB /genealogy_html lines.htm
2005.11.06 11:00 B c:\ray\web\maloney.htm <-- ROOTSWEB /genealogy_html maloney.htm
2005.11.06 11:00 B c:\ray\web\Margaret O'Halloran.jpg <-- ROOTSWEB /genealogy_html Margaret O'Halloran.jpg
2005.11.06 11:00 B c:\ray\web\margw.gif <-- ROOTSWEB /genealogy_html margw.gif
2005.11.06 11:00 B c:\ray\web\Mary O'Halloran.jpg <-- ROOTSWEB /genealogy_html Mary O'Halloran.jpg
2005.11.06 11:00 B c:\ray\web\mary staunton.jpg <-- ROOTSWEB /genealogy_html mary staunton.jpg
2005.11.06 11:00 B c:\ray\web\michael & ellen lane.htm <-- ROOTSWEB /genealogy_html michael & ellen lane.htm
2005.11.06 11:00 B c:\ray\web\michael patrick O'Halloran_p1.JPG <-- ROOTSWEB /genealogy_html michael patrick O'Halloran_p1.JPG
2005.11.06 11:00 B c:\ray\web\michael patrick O'Halloran_p2.JPG <-- ROOTSWEB /genealogy_html michael patrick O'Halloran_p2.JPG
2005.11.06 11:01 B c:\ray\web\michael.htm <-- ROOTSWEB /genealogy_html michael.htm
2005.11.06 11:01 B c:\ray\web\michael1.jpg <-- ROOTSWEB /genealogy_html michael1.jpg
2005.11.06 11:01 B c:\ray\web\michaeld.gif <-- ROOTSWEB /genealogy_html michaeld.gif
2005.11.06 11:01 B c:\ray\web\Michaelj-Will.htm <-- ROOTSWEB /genealogy_html Michaelj-Will.htm
2005.11.06 11:01 B c:\ray\web\monsignor.gif <-- ROOTSWEB /genealogy_html monsignor.gif
2005.11.06 11:01 B c:\ray\web\myles.htm <-- ROOTSWEB /genealogy_html myles.htm
2005.11.06 11:01 B c:\ray\web\ohfamily.jpg <-- ROOTSWEB /genealogy_html ohfamily.jpg
2005.11.06 11:02 B c:\ray\web\Peter.htm <-- ROOTSWEB /genealogy_html Peter.htm
2005.11.06 11:02 B c:\ray\web\priests.gif <-- ROOTSWEB /genealogy_html priests.gif
2005.11.06 11:02 B c:\ray\web\RICHARD.htm <-- ROOTSWEB /genealogy_html RICHARD.htm
2005.11.06 11:02 B c:\ray\web\route.gif <-- ROOTSWEB /genealogy_html route.gif
2005.11.06 11:02 B c:\ray\web\rwguide22.jpg <-- ROOTSWEB /genealogy_html rwguide22.jpg
2005.11.06 11:02 B c:\ray\web\samuel.jpg <-- ROOTSWEB /genealogy_html samuel.jpg
2005.11.06 11:02 B c:\ray\web\shipping list.gif <-- ROOTSWEB /genealogy_html shipping list.gif
2005.11.06 11:03 B c:\ray\web\shipping list.jpg <-- ROOTSWEB /genealogy_html shipping list.jpg
2005.11.06 11:03 B c:\ray\web\shravok.htm <-- ROOTSWEB /genealogy_html shravok.htm
2005.11.06 11:03 B c:\ray\web\shravokee.gif <-- ROOTSWEB /genealogy_html shravokee.gif
2005.11.06 11:04 B c:\ray\web\shravokee1.gif <-- ROOTSWEB /genealogy_html shravokee1.gif
2005.11.06 11:04 B c:\ray\web\St. Patricks Inn.jpg <-- ROOTSWEB /genealogy_html St. Patricks Inn.jpg
2005.11.06 11:04 B c:\ray\web\survey.gif <-- ROOTSWEB /genealogy_html survey.gif
2005.11.06 11:04 B c:\ray\web\tombstone.gif <-- ROOTSWEB /genealogy_html tombstone.gif
2005.11.06 11:04 B c:\ray\web\tomlane.htm <-- ROOTSWEB /genealogy_html tomlane.htm
2005.11.06 11:04 B c:\ray\web\trimLife_88x31.gif <-- ROOTSWEB /genealogy_html trimLife_88x31.gif
2005.11.06 11:04 B c:\ray\web\warrong.htm <-- ROOTSWEB /genealogy_html warrong.htm
2005.11.06 11:04 B c:\ray\web\whitton.htm <-- ROOTSWEB /genealogy_html whitton.htm
2005.11.06 11:05 B c:\ray\web\Will-Michael.htm <-- ROOTSWEB /genealogy_html Will-Michael.htm
2006.03.23 14:33 B c:\ray\web\RICHARD.htm --> users.freepages.rootsweb.com /genealogy_html RICHARD.htm
2006.03.23 14:34 B c:\ray\web\Janedawson.htm --> users.freepages.rootsweb.com /genealogy_html Janedawson.htm
2006.03.23 14:38 B c:\ray\web\index.htm --> users.freepages.rootsweb.com /genealogy_html index.htm
2006.03.29 16:02 B c:\ray\web\index.htm --> users.freepages.rootsweb.com /genealogy_html index.htm
2006.03.29 16:03 B c:\ray\web\myles.htm --> users.freepages.rootsweb.com /genealogy_html myles.htm
2006.04.02 12:17 B c:\ray\web\index.htm --> users.freepages.rootsweb.com /genealogy_html index.htm
2006.04.02 12:18 B c:\ray\web\myles.htm --> users.freepages.rootsweb.com /genealogy_html myles.htm
2006.04.02 12:19 B c:\ray\web\tomlane.htm --> users.freepages.rootsweb.com /genealogy_html tomlane.htm
2006.04.09 15:56 B c:\ray\web\index.htm --> users.freepages.rootsweb.com /genealogy_html index.htm
2006.04.09 15:57 B c:\ray\web\RICHARD.htm --> users.freepages.rootsweb.com /genealogy_html RICHARD.htm
2006.04.21 13:18 B c:\ray\web\index.htm --> users.freepages.rootsweb.com /genealogy_html index.htm
2006.04.21 13:18 B c:\ray\web\shravok.htm --> users.freepages.rootsweb.com /genealogy_html shravok.htm
2006.05.05 14:33 B c:\ray\web\Griffith.gif --> users.freepages.rootsweb.com /genealogy_html Griffith.gif
2006.05.05 14:41 B c:\ray\web\index.htm --> users.freepages.rootsweb.com /genealogy_html index.htm
2006.05.05 14:42 B c:\ray\web\shravok.htm --> users.freepages.rootsweb.com /genealogy_html shravok.htm
2006.05.05 14:42 B c:\ray\web\Griffith.gif --> users.freepages.rootsweb.com /genealogy_html Griffith.gif
2006.05.06 13:57 B c:\ray\web\shravok.htm --> users.freepages.rootsweb.com /genealogy_html shravok.htm
2006.08.01 09:19 B c:\ray\web\arrivals.htm <-- ROOTSWEB /genealogy_html arrivals.htm
2006.08.01 09:28 B c:\ray\web\arrivals.htm --> users.freepages.rootsweb.com /genealogy_html arrivals.htm
2006.08.01 09:31 B c:\ray\web\index.htm --> users.freepages.rootsweb.com /genealogy_html index.htm
2006.08.01 16:22 B c:\ray\web\arrivals.htm --> users.freepages.rootsweb.com /genealogy_html arrivals.htm
2006.10.27 15:10 B c:\ray\web\arrivals.htm --> users.freepages.rootsweb.com /genealogy_html arrivals.htm
2006.10.27 15:10 B c:\ray\web\arrivals.htm --> users.freepages.rootsweb.com /genealogy_html arrivals.htm
2006.10.27 15:11 B c:\ray\web\BAXTER.htm --> users.freepages.rootsweb.com /genealogy_html BAXTER.htm
2006.10.27 15:11 B c:\ray\web\BROOKE2.htm --> users.freepages.rootsweb.com /genealogy_html BROOKE2.htm
2006.10.27 15:16 B c:\ray\web\BROOKE2.htm --> users.freepages.rootsweb.com /genealogy_html BROOKE2.htm
2006.10.27 15:17 B c:\ray\web\brookers1.htm --> users.freepages.rootsweb.com /genealogy_html brookers1.htm
2006.10.27 15:17 B c:\ray\web\ecclesto.htm --> users.freepages.rootsweb.com /genealogy_html ecclesto.htm
2006.10.27 15:18 B c:\ray\web\edward.htm --> users.freepages.rootsweb.com /genealogy_html edward.htm
2006.10.27 15:18 B c:\ray\web\index.htm --> users.freepages.rootsweb.com /genealogy_html index.htm
2006.10.27 15:19 B c:\ray\web\lines.htm --> users.freepages.rootsweb.com /genealogy_html lines.htm
2006.10.27 15:19 B c:\ray\web\maloney.htm --> users.freepages.rootsweb.com /genealogy_html maloney.htm
2006.10.27 15:20 B c:\ray\web\michael.htm --> users.freepages.rootsweb.com /genealogy_html michael.htm
2006.10.27 15:20 B c:\ray\web\myles.htm --> users.freepages.rootsweb.com /genealogy_html myles.htm
2006.10.27 15:21 B c:\ray\web\RICHARD.htm --> users.freepages.rootsweb.com /genealogy_html RICHARD.htm
2006.10.27 15:21 B c:\ray\web\shravok.htm --> users.freepages.rootsweb.com /genealogy_html shravok.htm
2006.10.27 15:22 B c:\ray\web\tomlane.htm --> users.freepages.rootsweb.com /genealogy_html tomlane.htm
2006.10.27 15:22 B c:\ray\web\warrong.htm --> users.freepages.rootsweb.com /genealogy_html warrong.htm
2006.10.27 15:23 B c:\ray\web\whitton.htm --> users.freepages.rootsweb.com /genealogy_html whitton.htm
2006.10.27 15:46 B c:\ray\web\arrivals.htm --> users.freepages.rootsweb.com /genealogy_html arrivals.htm
2006.10.27 15:50 B c:\ray\web\BAXTER.htm --> users.freepages.rootsweb.com /genealogy_html BAXTER.htm
2006.10.27 15:52 B c:\ray\web\BAXTER.htm --> users.freepages.rootsweb.com /genealogy_html BAXTER.htm
2006.10.27 15:56 B c:\ray\web\BROOKE2.htm --> users.freepages.rootsweb.com /genealogy_html BROOKE2.htm
2006.10.27 16:00 B c:\ray\web\brookers1.htm --> users.freepages.rootsweb.com /genealogy_html brookers1.htm
2006.10.27 16:03 B c:\ray\web\ecclesto.htm --> users.freepages.rootsweb.com /genealogy_html ecclesto.htm
2006.10.27 17:12 B c:\ray\web\lines.htm --> users.freepages.rootsweb.com /genealogy_html lines.htm
2006.10.27 17:16 B c:\ray\web\maloney.htm --> users.freepages.rootsweb.com /genealogy_html maloney.htm
2006.10.27 17:19 B c:\ray\web\michael.htm --> users.freepages.rootsweb.com /genealogy_html michael.htm
2006.10.27 17:23 B c:\ray\web\myles.htm --> users.freepages.rootsweb.com /genealogy_html myles.htm
2006.10.27 17:25 B c:\ray\web\RICHARD.htm --> users.freepages.rootsweb.com /genealogy_html RICHARD.htm
2006.10.27 17:27 B c:\ray\web\shravok.htm --> users.freepages.rootsweb.com /genealogy_html shravok.htm
2006.10.27 17:30 B c:\ray\web\tomlane.htm --> users.freepages.rootsweb.com /genealogy_html tomlane.htm
2006.10.27 17:33 B c:\ray\web\warrong.htm --> users.freepages.rootsweb.com /genealogy_html warrong.htm
2006.10.27 17:35 B c:\ray\web\whitton.htm --> users.freepages.rootsweb.com /genealogy_html whitton.htm
2007.01.29 16:50 B c:\ray\web\brookers.htm --> users.freepages.rootsweb.com /genealogy_html brookers.htm
2007.03.30 14:45 B c:\ray\web\brookers.htm --> users.freepages.rootsweb.com /genealogy_html brookers.htm
2007.03.30 23:04 B c:\ray\web\brookers.htm --> users.freepages.rootsweb.com /genealogy_html brookers.htm
2007.03.30 23:05 B c:\ray\web\index.htm --> users.freepages.rootsweb.com /genealogy_html index.htm
2007.03.31 17:39 B c:\ray\web\BAXTER.htm --> users.freepages.rootsweb.com /genealogy_html BAXTER.htm
2007.03.31 17:40 B c:\ray\web\BROOKE2.htm --> users.freepages.rootsweb.com /genealogy_html BROOKE2.htm
2007.03.31 17:40 B c:\ray\web\brookers.htm --> users.freepages.rootsweb.com /genealogy_html brookers.htm
2007.03.31 17:40 B c:\ray\web\ecclesto.htm --> users.freepages.rootsweb.com /genealogy_html ecclesto.htm
2007.03.31 17:41 B c:\ray\web\edward.htm --> users.freepages.rootsweb.com /genealogy_html edward.htm
2007.03.31 17:42 B c:\ray\web\lines.htm --> users.freepages.rootsweb.com /genealogy_html lines.htm
2007.03.31 17:43 B c:\ray\web\tomlane.htm --> users.freepages.rootsweb.com /genealogy_html tomlane.htm
2007.03.31 17:43 B c:\ray\web\whitton.htm --> users.freepages.rootsweb.com /genealogy_html whitton.htm
2007.03.31 17:43 B c:\ray\web\warrong.htm --> users.freepages.rootsweb.com /genealogy_html warrong.htm
2007.04.01 10:32 B c:\ray\web\brookers.htm --> users.freepages.rootsweb.com /genealogy_html brookers.htm
2007.04.02 14:54 B c:\ray\web\brookers.htm --> users.freepages.rootsweb.com /genealogy_html brookers.htm
2007.04.02 16:42 B c:\ray\web\brookers.htm --> users.freepages.rootsweb.com /genealogy_html brookers.htm
2007.04.03 14:33 B c:\ray\web\brookers.htm --> users.freepages.rootsweb.com /genealogy_html brookers.htm
2007.06.29 16:38 B c:\ray\web\Ancestors of Richard Eduard van Doornum.pdf --> users.freepages.rootsweb.com /genealogy_html Ancestors of Richard Eduard van Doornum.pdf
2007.06.29 16:39 B c:\ray\web\tomlane.htm --> users.freepages.rootsweb.com /genealogy_html tomlane.htm
2007.09.29 12:43 B c:\ray\web\index.htm --> users.freepages.rootsweb.com /genealogy_html index.htm
2007.09.29 12:44 B c:\ray\web\whitton.htm --> users.freepages.rootsweb.com /genealogy_html whitton.htm
2007.11.04 09:51 B c:\ray\web\index.htm --> users.freepages.rootsweb.com /genealogy_html index.htm
2007.11.04 09:51 B c:\ray\web\whitton.htm --> users.freepages.rootsweb.com /genealogy_html whitton.htm
2007.11.04 10:41 B c:\ray\web\whitton.htm --> users.freepages.rootsweb.com /genealogy_html whitton.htm
2007.11.04 11:18 B c:\ray\web\whitton.htm --> users.freepages.rootsweb.com /genealogy_html whitton.htm
2008.02.24 10:41 B c:\ray\web\shravok.htm --> users.freepages.rootsweb.com /genealogy_html shravok.htm
2008.02.24 10:47 B c:\ray\web\Lane Family Cemetery IMG_1909.jpg --> users.freepages.rootsweb.com /genealogy_html Lane Family Cemetery IMG_1909.jpg
2008.02.24 10:52 B c:\ray\web\Michael Lane Headstone IMG_1904.jpg --> users.freepages.rootsweb.com /genealogy_html Michael Lane Headstone IMG_1904.jpg
2008.02.24 12:37 B c:\ray\web\shravok.htm --> users.freepages.rootsweb.com /genealogy_html shravok.htm
2008.02.24 12:39 B c:\ray\web\Shravokee Cemetery on Madden farm.jpg --> users.freepages.rootsweb.com /genealogy_html Shravokee Cemetery on Madden farm.jpg
2008.02.24 12:42 B c:\ray\web\Shravokee Lane Cemetey.jpg --> users.freepages.rootsweb.com /genealogy_html Shravokee Lane Cemetey.jpg
2008.02.24 12:54 B c:\ray\web\Thomas Lane d1855.jpg --> users.freepages.rootsweb.com /genealogy_html Thomas Lane d1855.jpg
2008.02.24 12:55 B c:\ray\web\shravok.htm --> users.freepages.rootsweb.com /genealogy_html shravok.htm
2008.02.24 13:02 B c:\ray\web\James Lane d1855.jpg --> users.freepages.rootsweb.com /genealogy_html James Lane d1855.jpg
2008.02.24 13:02 B c:\ray\web\shravok.htm --> users.freepages.rootsweb.com /genealogy_html shravok.htm
2008.02.24 13:22 B c:\ray\web\shravok.htm --> users.freepages.rootsweb.com /genealogy_html shravok.htm
2008.02.24 13:24 B c:\ray\web\Lane Headstones.jpg --> users.freepages.rootsweb.com /genealogy_html Lane Headstones.jpg
2008.02.24 13:26 B c:\ray\web\shravok.htm --> users.freepages.rootsweb.com /genealogy_html shravok.htm
2008.02.24 13:30 B c:\ray\web\shravok.htm --> users.freepages.rootsweb.com /genealogy_html shravok.htm
2008.02.24 13:33 B c:\ray\web\Old Lane Family Cemetery.jpg --> users.freepages.rootsweb.com /genealogy_html Old Lane Family Cemetery.jpg
2008.02.24 13:35 B c:\ray\web\shravok.htm --> users.freepages.rootsweb.com /genealogy_html shravok.htm
2008.02.24 13:38 B c:\ray\web\Thomas Lane (Rivers) d1914.jpg --> users.freepages.rootsweb.com /genealogy_html Thomas Lane (Rivers) d1914.jpg
2008.03.05 14:44 B c:\ray\web\index.htm --> users.freepages.rootsweb.com /genealogy_html index.htm
2008.03.27 16:10 B c:\ray\web\index.htm --> users.freepages.rootsweb.com /genealogy_html index.htm
2008.03.27 16:18 B c:\ray\web\RICHARD.htm --> users.freepages.rootsweb.com /genealogy_html RICHARD.htm
2008.03.29 17:29 B c:\ray\web\JOHN NORMAN.htm --> users.freepages.rootsweb.com /genealogy_html JOHN NORMAN.htm
2008.03.29 17:30 B c:\ray\web\whitton.htm --> users.freepages.rootsweb.com /genealogy_html whitton.htm
2008.03.29 17:32 B c:\ray\web\index.htm --> users.freepages.rootsweb.com /genealogy_html index.htm
2008.05.12 16:50 B c:\ray\web\arrivals.htm --> users.freepages.rootsweb.com /genealogy_html arrivals.htm
2008.05.12 16:53 B c:\ray\web\index.htm --> users.freepages.rootsweb.com /genealogy_html index.htm
2008.05.13 10:41 B c:\ray\web\arrivals.htm --> users.freepages.rootsweb.com /genealogy_html arrivals.htm
2008.05.13 11:09 B c:\ray\web\arrivals.htm --> users.freepages.rootsweb.com /genealogy_html arrivals.htm
2008.05.13 11:14 B c:\ray\web\Margaret Gleeson (nee Lane) Obituary, Warrnambool Standard July 1935.jpg --> users.freepages.rootsweb.com /genealogy_html Margaret Gleeson (nee Lane) Obituary, Warrnambool Standard July 1935.jpg
2008.05.13 11:15 B c:\ray\web\arrivals.htm --> users.freepages.rootsweb.com /genealogy_html arrivals.htm
2008.05.13 11:24 B c:\ray\web\Margaret Gleeson (nee Lane) Obituary, Warrnambool Standard July 1935.jpg --> users.freepages.rootsweb.com /genealogy_html Margaret Gleeson (nee Lane) Obituary, Warrnambool Standard July 1935.jpg
2008.05.13 11:28 B c:\ray\web\arrivals.htm --> users.freepages.rootsweb.com /genealogy_html arrivals.htm
2008.05.13 11:52 B c:\ray\web\arrivals.htm --> users.freepages.rootsweb.com /genealogy_html arrivals.htm
2008.05.13 12:00 B c:\ray\web\arrivals.htm --> users.freepages.rootsweb.com /genealogy_html arrivals.htm
2008.05.13 12:07 B c:\ray\web\Margaret Lane.jpg --> users.freepages.rootsweb.com /genealogy_html Margaret Lane.jpg
2008.05.13 12:07 B c:\ray\web\arrivals.htm --> users.freepages.rootsweb.com /genealogy_html arrivals.htm
2008.05.13 12:12 B c:\ray\web\Margaret Gleeson (nee Lane) Obituary, Warrnambool Standard July 1935.jpg --> users.freepages.rootsweb.com /genealogy_html Margaret Gleeson (nee Lane) Obituary, Warrnambool Standard July 1935.jpg
2008.05.15 15:24 B c:\ray\web\arrivals.htm --> users.freepages.rootsweb.com /genealogy_html arrivals.htm
2008.05.15 15:39 B c:\ray\web\arrivals.htm --> users.freepages.rootsweb.com /genealogy_html arrivals.htm
2008.05.15 15:44 B c:\ray\web\arrivals.htm --> users.freepages.rootsweb.com /genealogy_html arrivals.htm
2008.05.15 15:47 B c:\ray\web\arrivals.htm --> users.freepages.rootsweb.com /genealogy_html arrivals.htm
2008.05.15 15:51 B c:\ray\web\arrivals.htm --> users.freepages.rootsweb.com /genealogy_html arrivals.htm
2008.05.15 16:42 B c:\ray\web\arrivals.htm --> users.freepages.rootsweb.com /genealogy_html arrivals.htm
2008.05.15 16:46 B c:\ray\web\arrivals.htm --> users.freepages.rootsweb.com /genealogy_html arrivals.htm
2008.05.15 20:29 B c:\ray\web\arrivals.htm --> users.freepages.rootsweb.com /genealogy_html arrivals.htm
2008.06.05 15:22 B c:\ray\web\arrivals.htm --> users.freepages.rootsweb.com /genealogy_html arrivals.htm
2008.06.05 15:24 B c:\ray\web\index.htm --> users.freepages.rootsweb.com /genealogy_html index.htm
2008.06.05 15:28 B c:\ray\web\arrivals.htm --> users.freepages.rootsweb.com /genealogy_html arrivals.htm
2008.10.07 13:20 B c:\ray\web\arrivals.htm --> users.freepages.rootsweb.com /genealogy_html arrivals.htm
2008.10.07 13:21 B c:\ray\web\index.htm --> users.freepages.rootsweb.com /genealogy_html index.htm
2008.10.07 14:45 B c:\ray\web\Dan Lane family 1930's.jpg --> users.freepages.rootsweb.com /genealogy_html Dan Lane family 1930's.jpg
2008.10.07 14:45 B c:\ray\web\arrivals.htm --> users.freepages.rootsweb.com /genealogy_html arrivals.htm
2008.10.08 10:33 B c:\ray\web\arrivals.htm --> users.freepages.rootsweb.com /genealogy_html arrivals.htm
2008.10.08 10:35 B c:\ray\web\Darcy Hanora (wife Anthony) DC.jpg --> users.freepages.rootsweb.com /genealogy_html Darcy Hanora (wife Anthony) DC.jpg
2008.10.08 10:44 B c:\ray\web\arrivals.htm --> users.freepages.rootsweb.com /genealogy_html arrivals.htm
2008.10.08 10:44 B c:\ray\web\Darcy Anthony DC.pdf --> users.freepages.rootsweb.com /genealogy_html Darcy Anthony DC.pdf
2008.10.08 12:02 B c:\ray\web\arrivals.htm --> users.freepages.rootsweb.com /genealogy_html arrivals.htm
2008.10.08 13:28 B c:\ray\web\arrivals.htm --> users.freepages.rootsweb.com /genealogy_html arrivals.htm
2008.10.08 13:28 B c:\ray\web\James T Lane Obituary.jpg --> users.freepages.rootsweb.com /genealogy_html James T Lane Obituary.jpg
2008.10.13 12:40 B c:\ray\web\shravok.htm --> users.freepages.rootsweb.com /genealogy_html shravok.htm
2008.10.13 12:41 B c:\ray\web\clonlara.gif --> users.freepages.rootsweb.com /genealogy_html clonlara.gif
2008.10.13 12:43 B c:\ray\web\Thomas Lane (Rivers) d1914.jpg --> users.freepages.rootsweb.com /genealogy_html Thomas Lane (Rivers) d1914.jpg
2008.10.13 12:45 B c:\ray\web\Lane Headstones.jpg --> users.freepages.rootsweb.com /genealogy_html Lane Headstones.jpg
2008.10.13 12:47 B c:\ray\web\Old Lane Family Cemetery.jpg --> users.freepages.rootsweb.com /genealogy_html Old Lane Family Cemetery.jpg
2008.10.13 12:54 B c:\ray\web\shravok.htm --> users.freepages.rootsweb.com /genealogy_html shravok.htm
2008.10.13 16:38 B c:\ray\web\index.htm --> users.freepages.rootsweb.com /genealogy_html index.htm
2008.10.13 16:38 B c:\ray\web\shravok.htm --> users.freepages.rootsweb.com /genealogy_html shravok.htm
2008.10.14 16:00 B c:\ray\web\index.htm --> users.freepages.rootsweb.com /genealogy_html index.htm
2008.10.14 16:01 B c:\ray\web\michael.htm --> users.freepages.rootsweb.com /genealogy_html michael.htm
2008.10.15 11:41 B c:\ray\web\shravok.htm --> users.freepages.rootsweb.com /genealogy_html shravok.htm
2008.10.15 11:44 B c:\ray\web\Griffiths Map 1855.jpg --> users.freepages.rootsweb.com /genealogy_html Griffiths Map 1855.jpg
2008.10.15 15:22 B c:\ray\web\whitton.htm --> users.freepages.rootsweb.com /genealogy_html whitton.htm
2008.10.15 15:28 B c:\ray\web\index.htm --> users.freepages.rootsweb.com /genealogy_html index.htm
2008.10.15 15:28 B c:\ray\web\RICHARD.htm --> users.freepages.rootsweb.com /genealogy_html RICHARD.htm
2008.10.17 11:23 B c:\ray\web\arrivals.htm --> users.freepages.rootsweb.com /genealogy_html arrivals.htm
2008.10.17 11:23 B c:\ray\web\shravok.htm --> users.freepages.rootsweb.com /genealogy_html shravok.htm
2008.10.17 11:23 B c:\ray\web\michael.htm --> users.freepages.rootsweb.com /genealogy_html michael.htm
2008.10.18 13:44 B c:\ray\web\maloney.htm --> users.freepages.rootsweb.com /genealogy_html maloney.htm
2008.10.18 13:46 B c:\ray\web\index.htm --> users.freepages.rootsweb.com /genealogy_html index.htm
2008.10.20 11:11 B c:\ray\web\BAXTER.htm --> users.freepages.rootsweb.com /genealogy_html BAXTER.htm
2008.10.20 14:30 B c:\ray\web\BAXTER.htm --> users.freepages.rootsweb.com /genealogy_html BAXTER.htm
2008.10.20 16:39 B c:\ray\web\brookers1.htm --> users.freepages.rootsweb.com /genealogy_html brookers1.htm
2008.10.22 11:52 B c:\ray\web\michael.htm --> users.freepages.rootsweb.com /genealogy_html michael.htm
2008.10.22 11:53 B c:\ray\web\Quirk Family.doc --> users.freepages.rootsweb.com /genealogy_html Quirk Family.doc
2008.10.28 13:32 B c:\ray\web\index.htm --> users.freepages.rootsweb.com /genealogy_html index.htm
2008.10.28 13:33 B c:\ray\web\brookers.htm --> users.freepages.rootsweb.com /genealogy_html brookers.htm
2008.10.28 13:49 B c:\ray\web\brooker.gif --> users.freepages.rootsweb.com /genealogy_html brooker.gif
2008.10.28 13:50 B c:\ray\web\brookers1.htm --> users.freepages.rootsweb.com /genealogy_html brookers1.htm
2008.10.28 14:05 B c:\ray\web\edward.htm --> users.freepages.rootsweb.com /genealogy_html edward.htm
2008.10.28 14:06 B c:\ray\web\Edward Barnes Birth 1816.jpg --> users.freepages.rootsweb.com /genealogy_html Edward Barnes Birth 1816.jpg
2008.10.28 14:31 B c:\ray\web\Edward Barnes Birth 1816.jpg --> users.freepages.rootsweb.com /genealogy_html Edward Barnes Birth 1816.jpg
2008.10.28 14:55 B c:\ray\web\RICHARD.htm --> users.freepages.rootsweb.com /genealogy_html RICHARD.htm
2008.10.28 14:56 B c:\ray\web\Richard Barnes b1825.jpg --> users.freepages.rootsweb.com /genealogy_html Richard Barnes b1825.jpg
2008.10.28 19:57 B c:\ray\web\Eccleston grave.jpg --> users.freepages.rootsweb.com /genealogy_html Eccleston grave.jpg
2008.10.28 19:57 B c:\ray\web\ecclesto.htm --> users.freepages.rootsweb.com /genealogy_html ecclesto.htm
2008.10.28 20:01 B c:\ray\web\ecclesto.htm --> users.freepages.rootsweb.com /genealogy_html ecclesto.htm
2008.10.29 15:01 B c:\ray\web\Berkshire Archives.jpg --> users.freepages.rootsweb.com /genealogy_html Berkshire Archives.jpg
2008.10.29 15:01 B c:\ray\web\RICHARD.htm --> users.freepages.rootsweb.com /genealogy_html RICHARD.htm
2008.10.29 15:07 B c:\ray\web\Berkshire Archives.jpg --> users.freepages.rootsweb.com /genealogy_html Berkshire Archives.jpg
2008.10.29 15:26 B c:\ray\web\edward.htm --> users.freepages.rootsweb.com /genealogy_html edward.htm
2008.10.29 15:31 B c:\ray\web\Edward Barnes Death Cert.jpg --> users.freepages.rootsweb.com /genealogy_html Edward Barnes Death Cert.jpg
2008.11.06 13:20 B c:\ray\web\maloney.htm --> users.freepages.rootsweb.com /genealogy_html maloney.htm
2008.11.14 10:48 B c:\ray\web\maloney.htm --> users.freepages.rootsweb.com /genealogy_html maloney.htm
2008.11.14 10:54 B c:\ray\web\Travellers Rest article.jpg --> users.freepages.rootsweb.com /genealogy_html Travellers Rest article.jpg
2008.11.14 14:23 B c:\ray\web\maloney.htm --> users.freepages.rootsweb.com /genealogy_html maloney.htm
2008.11.14 14:24 B c:\ray\web\The Inn.bmp --> users.freepages.rootsweb.com /genealogy_html The Inn.bmp
2008.11.14 14:33 B c:\ray\web\The Inn.jpg --> users.freepages.rootsweb.com /genealogy_html The Inn.jpg
2008.11.21 14:41 A c:\ray\web\arrivals.htm --> users.freepages.rootsweb.com /genealogy_html arrivals.htm
2008.11.21 14:43 A c:\ray\web\John Gleeson & Margaret Gleeson (Lane) death certs..jpg --> users.freepages.rootsweb.com /genealogy_html John Gleeson & Margaret Gleeson (Lane) death certs..jpg
2009.02.01 18:50 B c:\ray\web\RICHARD.htm --> users.freepages.rootsweb.com /genealogy_html RICHARD.htm
2009.02.01 18:50 B c:\ray\web\edward.htm --> users.freepages.rootsweb.com /genealogy_html edward.htm
2009.02.01 18:51 B c:\ray\web\family_tree_of_isabella_barnes_.htm --> users.freepages.rootsweb.com /genealogy_html family_tree_of_isabella_barnes_.htm
2009.05.20 15:27 B c:\ray\web\arrivals.htm --> users.freepages.rootsweb.com /genealogy_html arrivals.htm
2009.05.20 15:29 B c:\ray\web\Gravestone -  Roger Lane.jpg --> users.freepages.rootsweb.com /genealogy_html Gravestone -  Roger Lane.jpg
2009.05.20 15:29 B c:\ray\web\Gravestone - Thomas & Catherine Lane.jpg --> users.freepages.rootsweb.com /genealogy_html Gravestone - Thomas & Catherine Lane.jpg
2009.05.20 15:30 B c:\ray\web\Gravestone Marg. Lane wife of Roger.jpg --> users.freepages.rootsweb.com /genealogy_html Gravestone Marg. Lane wife of Roger.jpg
2009.05.20 15:30 B c:\ray\web\index.htm --> users.freepages.rootsweb.com /genealogy_html index.htm
2009.05.20 15:31 B c:\ray\web\michael.htm --> users.freepages.rootsweb.com /genealogy_html michael.htm
2009.05.20 15:31 B c:\ray\web\arrivals.htm --> users.freepages.rootsweb.com /genealogy_html arrivals.htm
2009.05.20 15:38 B c:\ray\web\arrivals.htm --> users.freepages.rootsweb.com /genealogy_html arrivals.htm
2009.05.20 15:43 B c:\ray\web\arrivals.htm --> users.freepages.rootsweb.com /genealogy_html arrivals.htm
2009.05.20 15:43 B c:\ray\web\arrivals.htm --> users.freepages.rootsweb.com /genealogy_html arrivals.htm
2009.05.20 15:43 B c:\ray\web\Gravestone -  Roger Lane.jpg --> users.freepages.rootsweb.com /genealogy_html Gravestone -  Roger Lane.jpg
2009.05.20 15:45 B c:\ray\web\Gravestone - Thomas & Catherine Lane.jpg --> users.freepages.rootsweb.com /genealogy_html Gravestone - Thomas & Catherine Lane.jpg
2009.05.20 15:45 B c:\ray\web\Gravestone Marg. Lane wife of Roger.jpg --> users.freepages.rootsweb.com /genealogy_html Gravestone Marg. Lane wife of Roger.jpg
2009.05.20 15:46 B c:\ray\web\Gravestone of Michael & Ellen Lane.jpg --> users.freepages.rootsweb.com /genealogy_html Gravestone of Michael & Ellen Lane.jpg
2009.05.20 16:01 B c:\ray\web\arrivals.htm --> users.freepages.rootsweb.com /genealogy_html arrivals.htm
2009.05.20 16:02 B c:\ray\web\Gravestone -  Roger Lane.jpg --> users.freepages.rootsweb.com /genealogy_html Gravestone -  Roger Lane.jpg
2009.05.20 16:03 B c:\ray\web\Gravestone - Thomas & Catherine Lane.jpg --> users.freepages.rootsweb.com /genealogy_html Gravestone - Thomas & Catherine Lane.jpg
2009.05.20 16:03 B c:\ray\web\Gravestone Marg. Lane wife of Roger.jpg --> users.freepages.rootsweb.com /genealogy_html Gravestone Marg. Lane wife of Roger.jpg
2009.05.20 16:04 B c:\ray\web\Gravestone of Michael & Ellen Lane.jpg --> users.freepages.rootsweb.com /genealogy_html Gravestone of Michael & Ellen Lane.jpg
2009.06.09 15:45 B c:\ray\web\index.htm --> users.freepages.rootsweb.com /genealogy_html index.htm
2009.06.09 15:45 B c:\ray\web\Diary of James O'Shaughnessy.htm --> users.freepages.rootsweb.com /genealogy_html Diary of James O'Shaughnessy.htm
2009.06.09 15:51 B c:\ray\web\index.htm --> users.freepages.rootsweb.com /genealogy_html index.htm
2009.06.16 12:14 B c:\ray\web\whitton.htm --> users.freepages.rootsweb.com /genealogy_html whitton.htm
2009.06.16 12:27 B c:\ray\web\whitton.htm --> users.freepages.rootsweb.com /genealogy_html whitton.htm
2009.08.26 12:04 B c:\ray\web\index.htm --> users.freepages.rootsweb.com /genealogy_html index.htm
2009.08.26 12:04 B c:\ray\web\Michael Lane Jnr.htm --> users.freepages.rootsweb.com /genealogy_html Michael Lane Jnr.htm
2009.08.26 12:28 B c:\ray\web\brookers.htm --> users.freepages.rootsweb.com /genealogy_html brookers.htm
2009.08.26 12:33 B c:\ray\web\Michael Lane Jnr.htm --> users.freepages.rootsweb.com /genealogy_html Michael Lane Jnr.htm
2009.09.05 13:19 B c:\ray\web\index.htm --> users.freepages.rootsweb.com /genealogy_html index.htm
2009.09.05 13:19 B c:\ray\web\ecclesto.htm --> users.freepages.rootsweb.com /genealogy_html ecclesto.htm
2009.09.05 16:52 B c:\ray\web\ --> users.freepages.rootsweb.com / 
2009.09.05 16:52 B c:\ray\web\ecclesto.htm --> users.freepages.rootsweb.com /genealogy_html ecclesto.htm
2009.09.05 16:53 B c:\ray\web\ecclesto.htm --> users.freepages.rootsweb.com /genealogy_html ecclesto.htm
2009.09.09 15:08 B c:\ray\web\Michael Lane Jnr.htm --> users.freepages.rootsweb.com /genealogy_html Michael Lane Jnr.htm
2009.09.09 15:09 B c:\ray\web\Michael Jnr.jpg --> users.freepages.rootsweb.com /genealogy_html Michael Jnr.jpg
2009.09.09 15:13 B c:\ray\web\Margaret Staunton.jpg --> users.freepages.rootsweb.com /genealogy_html Margaret Staunton.jpg
2009.09.09 15:16 B c:\ray\web\index.htm --> users.freepages.rootsweb.com /genealogy_html index.htm
2009.10.27 09:36 B c:\ray\web\tomlane.htm --> users.freepages.rootsweb.com /genealogy_html tomlane.htm
2009.10.27 10:14 B c:\ray\web\index.htm --> users.freepages.rootsweb.com /genealogy_html index.htm
2009.11.10 14:53 B c:\ray\web\index.htm --> users.freepages.rootsweb.com /genealogy_html index.htm
2009.11.10 14:54 B c:\ray\web\whitton.htm --> users.freepages.rootsweb.com /genealogy_html whitton.htm
2009.11.12 13:48 B c:\ray\web\whitton.htm --> users.freepages.rootsweb.com /genealogy_html whitton.htm
2009.11.26 09:20 B c:\ray\web\tomlane.htm --> users.freepages.rootsweb.com /genealogy_html tomlane.htm
2010.04.27 16:14 B c:\ray\web\whitton.htm --> users.freepages.rootsweb.com /genealogy_html whitton.htm
2010.04.27 16:16 B c:\ray\web\index.htm --> users.freepages.rootsweb.com /genealogy_html index.htm
2010.05.25 16:01 B c:\ray\web\index.htm --> users.freepages.rootsweb.com /genealogy_html index.htm
2010.05.25 16:02 B c:\ray\web\arrivals.htm --> users.freepages.rootsweb.com /genealogy_html arrivals.htm
2010.05.26 11:09 B c:\ray\web\Ireland -Limerick Lane headstone.jpg --> users.freepages.rootsweb.com /genealogy_html Ireland -Limerick Lane headstone.jpg
2010.05.26 11:23 B c:\ray\web\shravok.htm --> users.freepages.rootsweb.com /genealogy_html shravok.htm
2010.05.26 11:26 B c:\ray\web\index.htm --> users.freepages.rootsweb.com /genealogy_html index.htm
2010.09.23 15:40 B c:\ray\web\index.htm --> users.freepages.rootsweb.com /genealogy_html index.htm
2010.09.23 15:42 B c:\ray\web\index.htm --> users.freepages.rootsweb.com /genealogy_html index.htm
2010.10.17 13:57 B c:\ray\web\shravok.htm --> users.freepages.rootsweb.com /genealogy_html shravok.htm
2010.10.17 14:00 B c:\ray\web\index.htm --> users.freepages.rootsweb.com /genealogy_html index.htm
2010.11.07 12:13 B c:\ray\web\ecclesto.htm --> users.freepages.rootsweb.com /genealogy_html ecclesto.htm
2010.11.07 12:16 B c:\ray\web\index.htm --> users.freepages.rootsweb.com /genealogy_html index.htm
2010.12.02 14:02 B c:\ray\web\index.htm --> users.freepages.rootsweb.com /genealogy_html index.htm
2010.12.02 14:03 B c:\ray\web\brookers1.htm --> users.freepages.rootsweb.com /genealogy_html brookers1.htm
2010.12.03 11:33 B c:\ray\web\brookers1.htm --> users.freepages.rootsweb.com /genealogy_html brookers1.htm
2011.07.02 14:02 B c:\ray\web\brookers.htm --> users.freepages.rootsweb.com /genealogy_html brookers.htm
2011.07.02 14:05 B c:\ray\web\index.htm --> users.freepages.rootsweb.com /genealogy_html index.htm
2011.07.02 14:15 B c:\ray\web\brookers.htm --> users.freepages.rootsweb.com /genealogy_html brookers.htm
2011.11.10 12:50 B c:\ray\web\index.htm --> users.freepages.rootsweb.com /genealogy_html index.htm
2011.11.10 12:50 B c:\ray\web\William Lane.htm --> users.freepages.rootsweb.com /genealogy_html William Lane.htm
2011.11.10 12:59 B c:\ray\web\index.htm --> users.freepages.rootsweb.com /genealogy_html index.htm
2011.11.10 12:59 B c:\ray\web\William Lane.htm --> users.freepages.rootsweb.com /genealogy_html William Lane.htm
2011.11.10 13:01 B c:\ray\web\William Lane.htm --> users.freepages.rootsweb.com /genealogy_html William Lane.htm
2011.11.10 13:02 B c:\ray\web\index.htm --> users.freepages.rootsweb.com /genealogy_html index.htm
2011.11.11 09:14 B c:\ray\web\Wm Lane Manifest Pg1.jpg --> users.freepages.rootsweb.com /genealogy_html Wm Lane Manifest Pg1.jpg
2011.11.11 09:15 B c:\ray\web\Wm Lane Manifest Pg2.jpg --> users.freepages.rootsweb.com /genealogy_html Wm Lane Manifest Pg2.jpg
2011.11.11 09:15 B c:\ray\web\William Lane.htm --> users.freepages.rootsweb.com /genealogy_html William Lane.htm
2011.11.11 10:28 B c:\ray\web\Wm Lane Manifest Pg1.jpg --> users.freepages.rootsweb.com /genealogy_html Wm Lane Manifest Pg1.jpg
2011.11.11 10:29 B c:\ray\web\William Lane.htm --> users.freepages.rootsweb.com /genealogy_html William Lane.htm
2011.11.11 10:43 B c:\ray\web\1920 USA census - Lane.jpg --> users.freepages.rootsweb.com /genealogy_html 1920 USA census - Lane.jpg
2011.11.11 10:45 B c:\ray\web\SS.Cedric.JPG --> users.freepages.rootsweb.com /genealogy_html SS.Cedric.JPG
2011.11.11 10:49 B c:\ray\web\Wm Lane Petition For Naturalization.jpg --> users.freepages.rootsweb.com /genealogy_html Wm Lane Petition For Naturalization.jpg
2011.11.11 10:50 B c:\ray\web\William Lane.htm --> users.freepages.rootsweb.com /genealogy_html William Lane.htm
2011.11.11 10:55 B c:\ray\web\William Lane.htm --> users.freepages.rootsweb.com /genealogy_html William Lane.htm
2011.11.13 19:20 B c:\ray\web\David Spaight's Boyhood Home in Derryfadda, Ireland.jpg --> users.freepages.rootsweb.com /genealogy_html David Spaight's Boyhood Home in Derryfadda, Ireland.jpg
2011.11.13 19:29 B c:\ray\web\James Spaight's Grave.jpg --> users.freepages.rootsweb.com /genealogy_html James Spaight's Grave.jpg
2011.11.13 19:33 B c:\ray\web\William Lane.htm --> users.freepages.rootsweb.com /genealogy_html William Lane.htm
2011.11.25 08:45 B c:\ray\web\Ardnacrusha Eviction.pdf --> users.freepages.rootsweb.com /genealogy_html Ardnacrusha Eviction.pdf
2011.11.25 08:46 B c:\ray\web\Meriden Daily English Penny Illustrated.PDF --> users.freepages.rootsweb.com /genealogy_html Meriden Daily English Penny Illustrated.PDF
2011.11.25 08:46 B c:\ray\web\New York Times.pdf --> users.freepages.rootsweb.com /genealogy_html New York Times.pdf
2011.11.25 08:47 B c:\ray\web\shravok.htm --> users.freepages.rootsweb.com /genealogy_html shravok.htm
2011.11.26 10:27 B c:\ray\web\Census of Ireland 1901.htm --> users.freepages.rootsweb.com /genealogy_html Census of Ireland 1901.htm
2011.11.26 10:27 B c:\ray\web\Census of Ireland 1911.htm --> users.freepages.rootsweb.com /genealogy_html Census of Ireland 1911.htm
2011.11.26 10:31 B c:\ray\web\Griffith's  1855 St_ Patrick's Parish.htm --> users.freepages.rootsweb.com /genealogy_html Griffith's  1855 St_ Patrick's Parish.htm
2011.11.26 10:36 B c:\ray\web\shravok.htm --> users.freepages.rootsweb.com /genealogy_html shravok.htm
2011.11.26 11:58 B c:\ray\web\ogrady obit, limk chron 15 apr 1916.jpg --> users.freepages.rootsweb.com /genealogy_html ogrady obit, limk chron 15 apr 1916.jpg
2011.11.26 11:58 B c:\ray\web\shravok.htm --> users.freepages.rootsweb.com /genealogy_html shravok.htm
2011.11.26 17:05 B c:\ray\web\Obit for John Lane.jpg --> users.freepages.rootsweb.com /genealogy_html Obit for John Lane.jpg
2011.11.26 17:05 B c:\ray\web\shravok.htm --> users.freepages.rootsweb.com /genealogy_html shravok.htm
2011.12.02 12:06 B c:\ray\web\Memorial photo's.jpg --> users.freepages.rootsweb.com /genealogy_html Memorial photo's.jpg
2011.12.02 12:07 B c:\ray\web\Other Lane Shravok Families..htm --> users.freepages.rootsweb.com /genealogy_html Other Lane Shravok Families..htm
2011.12.02 12:10 B c:\ray\web\index.htm --> users.freepages.rootsweb.com /genealogy_html index.htm
2011.12.02 12:17 B c:\ray\web\index.htm --> users.freepages.rootsweb.com /genealogy_html index.htm
2011.12.02 12:56 B c:\ray\web\Other Lane Shravok Families..htm --> users.freepages.rootsweb.com /genealogy_html Other Lane Shravok Families..htm
2011.12.02 12:58 B c:\ray\web\Lane Madden Marriage Cert --> users.freepages.rootsweb.com /genealogy_html Lane Madden Marriage Cert
2011.12.06 16:14 B c:\ray\web\michael.htm --> users.freepages.rootsweb.com /genealogy_html michael.htm
2011.12.06 16:35 B c:\ray\web\index.htm --> users.freepages.rootsweb.com /genealogy_html index.htm
2011.12.06 16:36 B c:\ray\web\Michael Jnr.jpg --> users.freepages.rootsweb.com /genealogy_html Michael Jnr.jpg
2011.12.06 16:39 B c:\ray\web\Michael Lane Headstone IMG_1904.jpg --> users.freepages.rootsweb.com /genealogy_html Michael Lane Headstone IMG_1904.jpg
2011.12.06 16:41 B c:\ray\web\Michael Lane Jnr.htm --> users.freepages.rootsweb.com /genealogy_html Michael Lane Jnr.htm
2011.12.06 16:52 B c:\ray\web\index.htm --> users.freepages.rootsweb.com /genealogy_html index.htm
2011.12.06 16:52 B c:\ray\web\arrivals.htm --> users.freepages.rootsweb.com /genealogy_html arrivals.htm
2011.12.12 12:49 B c:\ray\web\Obit 1914 michael lane Parteen.jpg --> users.freepages.rootsweb.com /genealogy_html Obit 1914 michael lane Parteen.jpg
2011.12.12 12:49 B c:\ray\web\Other Lane Shravok Families..htm --> users.freepages.rootsweb.com /genealogy_html Other Lane Shravok Families..htm
2011.12.12 20:21 B c:\ray\web\shravok.htm --> users.freepages.rootsweb.com /genealogy_html shravok.htm
2011.12.19 16:46 B c:\ray\web\Other Lane Shravok Families..htm --> users.freepages.rootsweb.com /genealogy_html Other Lane Shravok Families..htm
2011.12.19 16:46 B c:\ray\web\index.htm --> users.freepages.rootsweb.com /genealogy_html index.htm
2011.12.19 16:55 B c:\ray\web\Other Lane Shravok Families..htm --> users.freepages.rootsweb.com /genealogy_html Other Lane Shravok Families..htm
2011.12.19 16:56 B c:\ray\web\index.htm --> users.freepages.rootsweb.com /genealogy_html index.htm
2011.12.19 16:58 B c:\ray\web\Other Lane Shravok Families..htm --> users.freepages.rootsweb.com /genealogy_html Other Lane Shravok Families..htm
2011.12.20 08:58 B c:\ray\web\William Lane.htm --> users.freepages.rootsweb.com /genealogy_html William Lane.htm
2011.12.20 10:58 B c:\ray\web\Other Lane Shravok Families..htm --> users.freepages.rootsweb.com /genealogy_html Other Lane Shravok Families..htm
2011.12.20 11:14 B c:\ray\web\William Lane.htm --> users.freepages.rootsweb.com /genealogy_html William Lane.htm
2011.12.20 11:14 B c:\ray\web\Ned and Alice Lane.jpg --> users.freepages.rootsweb.com /genealogy_html Ned and Alice Lane.jpg
2011.12.20 12:08 B c:\ray\web\William Lane.htm --> users.freepages.rootsweb.com /genealogy_html William Lane.htm
2011.12.20 12:09 B c:\ray\web\Ned Lane and nieces.jpg --> users.freepages.rootsweb.com /genealogy_html Ned Lane and nieces.jpg
2011.12.21 12:38 B c:\ray\web\William Lane.htm --> users.freepages.rootsweb.com /genealogy_html William Lane.htm
2011.12.21 13:04 B c:\ray\web\William Lane.htm --> users.freepages.rootsweb.com /genealogy_html William Lane.htm
2011.12.21 13:19 B c:\ray\web\William Lane.htm --> users.freepages.rootsweb.com /genealogy_html William Lane.htm
2011.12.24 16:32 B c:\ray\web\Other Lane Shravok Families..htm --> users.freepages.rootsweb.com /genealogy_html Other Lane Shravok Families..htm
2011.12.24 16:33 B c:\ray\web\Delia Lane and Dan Clancie.jpg --> users.freepages.rootsweb.com /genealogy_html Delia Lane and Dan Clancie.jpg
2011.12.24 16:34 B c:\ray\web\Margaret Lane (Madden) USA.jpg --> users.freepages.rootsweb.com /genealogy_html Margaret Lane (Madden) USA.jpg
2011.12.24 16:34 B c:\ray\web\Margaret Lane.jpg --> users.freepages.rootsweb.com /genealogy_html Margaret Lane.jpg
2011.12.24 16:38 B c:\ray\web\Marrgaret & Delia Lane with Mother.jpg --> users.freepages.rootsweb.com /genealogy_html Marrgaret & Delia Lane with Mother.jpg
2011.12.24 16:41 B c:\ray\web\index.htm --> users.freepages.rootsweb.com /genealogy_html index.htm
2011.12.24 17:01 B c:\ray\web\Memorial Card Margaret Madden Lane.jpg --> users.freepages.rootsweb.com /genealogy_html Memorial Card Margaret Madden Lane.jpg
2011.12.24 17:03 B c:\ray\web\Other Lane Shravok Families..htm --> users.freepages.rootsweb.com /genealogy_html Other Lane Shravok Families..htm
2011.12.24 17:18 B c:\ray\web\Memorial card Annie Lane.jpg --> users.freepages.rootsweb.com /genealogy_html Memorial card Annie Lane.jpg
2011.12.24 17:18 B c:\ray\web\Memorial Card Margaret Madden Lane.jpg --> users.freepages.rootsweb.com /genealogy_html Memorial Card Margaret Madden Lane.jpg
2011.12.24 17:18 B c:\ray\web\Memorial Card Mary Lane.jpg --> users.freepages.rootsweb.com /genealogy_html Memorial Card Mary Lane.jpg
2011.12.24 17:19 B c:\ray\web\Other Lane Shravok Families..htm --> users.freepages.rootsweb.com /genealogy_html Other Lane Shravok Families..htm
2012.02.10 15:23 B c:\ray\web\index.htm --> users.freepages.rootsweb.com /genealogy_html index.htm
2012.02.10 15:23 B c:\ray\web\Other Lane Shravok Families..htm --> users.freepages.rootsweb.com /genealogy_html Other Lane Shravok Families..htm
2012.03.17 16:16 B c:\ray\web\Other Lane Shravok Families..htm --> users.freepages.rootsweb.com /genealogy_html Other Lane Shravok Families..htm
2012.03.17 16:31 B c:\ray\web\Other Lane Shravok Families..htm --> users.freepages.rootsweb.com /genealogy_html Other Lane Shravok Families..htm
2012.03.17 16:34 B c:\ray\web\index.htm --> users.freepages.rootsweb.com /genealogy_html index.htm
2012.03.23 12:42 B c:\ray\web\index.gif.htm --> users.freepages.rootsweb.com /genealogy_html index.gif.htm
2012.03.23 12:43 B c:\ray\web\Other Lane Shravok Families..htm --> users.freepages.rootsweb.com /genealogy_html Other Lane Shravok Families..htm
2012.04.14 11:30 B c:\ray\web\Great Victoria.jpg --> users.freepages.rootsweb.com /genealogy_html Great Victoria.jpg
2012.04.14 11:31 B c:\ray\web\michael.htm --> users.freepages.rootsweb.com /genealogy_html michael.htm
2012.04.14 11:31 B c:\ray\web\index.htm --> users.freepages.rootsweb.com /genealogy_html index.htm
2012.04.29 13:05 B c:\ray\web\index.htm --> users.freepages.rootsweb.com /genealogy_html index.htm
2012.04.29 13:06 B c:\ray\web\Diary of James O'Shaughnessy.htm --> users.freepages.rootsweb.com /genealogy_html Diary of James O'Shaughnessy.htm
2012.05.05 17:17 B c:\ray\web\shravok.htm --> users.freepages.rootsweb.com /genealogy_html shravok.htm
2012.05.05 17:19 B c:\ray\web\index.htm --> users.freepages.rootsweb.com /genealogy_html index.htm
2012.05.06 13:12 B c:\ray\web\shravok.htm --> users.freepages.rootsweb.com /genealogy_html shravok.htm
2012.05.06 13:13 B c:\ray\web\Tithe 1824.jpg --> users.freepages.rootsweb.com /genealogy_html Tithe 1824.jpg
2012.05.06 14:00 B c:\ray\web\shravok.htm --> users.freepages.rootsweb.com /genealogy_html shravok.htm
2012.05.06 14:01 B c:\ray\web\Tithe RM 1824.jpg --> users.freepages.rootsweb.com /genealogy_html Tithe RM 1824.jpg
2012.05.07 16:05 B c:\ray\web\Other Lane Shravok Families..htm --> users.freepages.rootsweb.com /genealogy_html Other Lane Shravok Families..htm
2012.05.07 16:06 B c:\ray\web\edward.htm --> users.freepages.rootsweb.com /genealogy_html edward.htm
2012.05.14 16:55 B c:\ray\web\shravok.htm --> users.freepages.rootsweb.com /genealogy_html shravok.htm
2012.05.15 13:04 B c:\ray\web\Lane Shravokee Family Tree.jpg --> users.freepages.rootsweb.com /genealogy_html Lane Shravokee Family Tree.jpg
2012.05.15 13:05 B c:\ray\web\Other Lane Shravok Families..htm --> users.freepages.rootsweb.com /genealogy_html Other Lane Shravok Families..htm
2012.05.15 13:05 B c:\ray\web\shravok.htm --> users.freepages.rootsweb.com /genealogy_html shravok.htm
2012.05.15 14:23 B c:\ray\web\William Lane.htm --> users.freepages.rootsweb.com /genealogy_html William Lane.htm
2012.05.17 12:41 B c:\ray\web\shravok.htm --> users.freepages.rootsweb.com /genealogy_html shravok.htm
2012.06.17 16:43 B c:\ray\web\myles.htm --> users.freepages.rootsweb.com /genealogy_html myles.htm
2012.09.17 14:56 B c:\ray\web\William Whitton (2).jpg --> users.freepages.rootsweb.com /genealogy_html William Whitton (2).jpg
2012.09.17 14:57 B c:\ray\web\whitton.htm --> users.freepages.rootsweb.com /genealogy_html whitton.htm
2012.09.17 14:57 B c:\ray\web\index.htm --> users.freepages.rootsweb.com /genealogy_html index.htm
2012.09.17 15:01 B c:\ray\web\BAXTER.htm --> users.freepages.rootsweb.com /genealogy_html BAXTER.htm
2012.09.17 15:01 B c:\ray\web\index.htm --> users.freepages.rootsweb.com /genealogy_html index.htm
2012.10.07 16:04 B c:\ray\web\shravok.htm --> users.freepages.rootsweb.com /genealogy_html shravok.htm
2012.10.07 16:06 B c:\ray\web\index.htm --> users.freepages.rootsweb.com /genealogy_html index.htm
2012.10.07 16:10 B c:\ray\web\shravok.htm --> users.freepages.rootsweb.com /genealogy_html shravok.htm
2012.10.07 16:19 B c:\ray\web\shravok.htm --> users.freepages.rootsweb.com /genealogy_html shravok.htm
2013.03.21 15:12 B c:\ray\web\Jim & Shila Lane wedding photo.jpg --> users.freepages.rootsweb.com /genealogy_html Jim & Shila Lane wedding photo.jpg
2013.03.21 15:12 B c:\ray\web\michael.htm --> users.freepages.rootsweb.com /genealogy_html michael.htm
2013.03.21 15:13 B c:\ray\web\michael.htm --> users.freepages.rootsweb.com /genealogy_html michael.htm
2013.03.21 15:17 B c:\ray\web\Michael Jnr.jpg --> users.freepages.rootsweb.com /genealogy_html Michael Jnr.jpg
2013.03.21 15:18 B c:\ray\web\Michael Lane Headstone IMG_1904.jpg --> users.freepages.rootsweb.com /genealogy_html Michael Lane Headstone IMG_1904.jpg
2013.03.21 15:27 B c:\ray\web\Michael Jnr.jpg --> users.freepages.rootsweb.com /genealogy_html Michael Jnr.jpg
2013.03.21 15:28 B c:\ray\web\Michael Lane Jnr.htm --> users.freepages.rootsweb.com /genealogy_html Michael Lane Jnr.htm
2013.03.21 15:47 B c:\ray\web\LANE_Joan daughter of Sheila&James TowerHill.jpg --> users.freepages.rootsweb.com /genealogy_html LANE_Joan daughter of Sheila&James TowerHill.jpg
2013.03.21 15:49 B c:\ray\web\Michael Lane Jnr.htm --> users.freepages.rootsweb.com /genealogy_html Michael Lane Jnr.htm
2013.03.21 15:54 B c:\ray\web\index.htm --> users.freepages.rootsweb.com / index.htm
2013.03.21 15:54 B c:\ray\web\index.htm <-- ROOTSWEB /genealogy_html index.htm
2013.03.21 15:57 B c:\ray\web\index.htm --> users.freepages.rootsweb.com /genealogy_html index.htm
2013.03.22 09:45 B c:\ray\web\index.htm --> users.freepages.rootsweb.com /genealogy_html index.htm
2013.03.22 09:47 B c:\ray\web\index.htm --> users.freepages.rootsweb.com / index.htm
2013.03.22 09:48 B c:\ray\web\index.htm <-- ROOTSWEB /genealogy_html index.htm
2013.03.22 10:00 B c:\ray\web\Michael Lane Jnr.htm --> users.freepages.rootsweb.com /genealogy_html Michael Lane Jnr.htm
2013.03.22 10:01 B c:\ray\web\Michael Lane Jnr.htm --> users.freepages.rootsweb.com /genealogy_html Michael Lane Jnr.htm
2013.03.22 10:01 B c:\ray\web\Headstone Michael Lane.jpg --> users.freepages.rootsweb.com /genealogy_html Headstone Michael Lane.jpg
2013.03.24 17:24 B c:\ray\web\Headstone Jim & Sheila Lane.jpg --> users.freepages.rootsweb.com /genealogy_html Headstone Jim & Sheila Lane.jpg
2013.03.24 17:27 B c:\ray\web\Michael Jnr.jpg --> users.freepages.rootsweb.com /genealogy_html Michael Jnr.jpg
2013.03.24 17:29 B c:\ray\web\Michael Lane Jnr.htm <-- ROOTSWEB /genealogy_html Michael Lane Jnr.htm
2013.03.24 17:30 B c:\ray\web\Michael Lane Jnr.htm --> users.freepages.rootsweb.com /genealogy_html Michael Lane Jnr.htm
2013.03.26 15:18 B c:\ray\web\Shooting of Michael Lane.htm --> users.freepages.rootsweb.com /genealogy_html Shooting of Michael Lane.htm
2013.03.26 15:27 B c:\ray\web\Michael Lane Jnr.htm --> users.freepages.rootsweb.com /genealogy_html Michael Lane Jnr.htm
2013.06.16 09:53 B c:\ray\web\arrivals.htm --> users.freepages.rootsweb.com /genealogy_html arrivals.htm
2013.06.16 09:54 B c:\ray\web\index.htm --> users.freepages.rootsweb.com /genealogy_html index.htm
2013.06.25 12:43 B c:\ray\web\index.htm --> users.freepages.rootsweb.com /genealogy_html index.htm
2013.06.25 12:43 B c:\ray\web\Michael Jnr.jpg --> users.freepages.rootsweb.com /genealogy_html Michael Jnr.jpg
2013.06.25 12:44 B c:\ray\web\Michael Lane Headstone IMG_1904.jpg --> users.freepages.rootsweb.com /genealogy_html Michael Lane Headstone IMG_1904.jpg
2013.06.25 12:46 B c:\ray\web\Michael Lane Jnr.htm --> users.freepages.rootsweb.com /genealogy_html Michael Lane Jnr.htm
2013.10.28 10:29 B c:\ray\web\Electric Motors.htm --> users.freepages.rootsweb.com /misc_html Electric Motors.htm
2013.10.28 10:39 B c:\ray\web\Electric Motors.htm <-- ROOTSWEB /misc_html Electric Motors.htm
2013.10.28 10:40 B c:\ray\web\index.htm --> users.freepages.rootsweb.com /misc_html index.htm
2013.10.28 10:40 B c:\ray\web\index.htm --> users.freepages.rootsweb.com /genealogy_html index.htm
2013.10.28 10:47 B c:\ray\web\Electric Motors.htm --> users.freepages.rootsweb.com /misc_html Electric Motors.htm
2013.10.28 10:47 B c:\ray\web\index.htm --> users.freepages.rootsweb.com /misc_html index.htm
2013.10.28 10:49 B c:\ray\web\index.htm <-- ROOTSWEB /misc_html index.htm
2013.10.28 10:50 B c:\ray\web\Electric Motors.htm --> users.freepages.rootsweb.com /genealogy_html Electric Motors.htm
2013.11.09 14:02 B c:\ray\web\Michael Lane Headstone IMG_1904.jpg --> users.freepages.rootsweb.com /genealogy_html Michael Lane Headstone IMG_1904.jpg
2013.11.09 14:02 B c:\ray\web\Michael Lane Jnr.htm --> users.freepages.rootsweb.com /genealogy_html Michael Lane Jnr.htm
2013.11.09 14:03 B c:\ray\web\michael.htm --> users.freepages.rootsweb.com /genealogy_html michael.htm
2013.11.09 14:04 B c:\ray\web\Descendants of Mary Moloney.pdf --> users.freepages.rootsweb.com /genealogy_html Descendants of Mary Moloney.pdf
2013.11.09 14:15 B c:\ray\web\maloney.htm --> users.freepages.rootsweb.com /genealogy_html maloney.htm
2013.11.09 14:36 B c:\ray\web\maloney.htm --> users.freepages.rootsweb.com /genealogy_html maloney.htm
2013.11.09 14:42 B c:\ray\web\michael.htm --> users.freepages.rootsweb.com /genealogy_html michael.htm
2013.11.09 15:05 B c:\ray\web\michael.htm --> users.freepages.rootsweb.com /genealogy_html michael.htm
2013.11.09 15:06 B c:\ray\web\michael.htm --> users.freepages.rootsweb.com /genealogy_html michael.htm
2013.11.09 15:07 B c:\ray\web\michael.htm --> users.freepages.rootsweb.com /genealogy_html michael.htm
2013.11.09 15:13 B c:\ray\web\Margaret Moloney Family History.pdf --> users.freepages.rootsweb.com /genealogy_html Margaret Moloney Family History.pdf
2013.11.09 15:13 B c:\ray\web\michael.htm --> users.freepages.rootsweb.com /genealogy_html michael.htm
2013.11.09 15:21 B c:\ray\web\Catherine Moloney Family History.pdf --> users.freepages.rootsweb.com /genealogy_html Catherine Moloney Family History.pdf
2013.11.09 15:22 B c:\ray\web\michael.htm --> users.freepages.rootsweb.com /genealogy_html michael.htm
2013.11.09 15:28 B c:\ray\web\maloney.htm --> users.freepages.rootsweb.com /genealogy_html maloney.htm
2013.11.09 16:44 B c:\ray\web\index.htm --> users.freepages.rootsweb.com /genealogy_html index.htm
2013.11.09 16:49 B c:\ray\web\Electric Motors.htm --> users.freepages.rootsweb.com /genealogy_html Electric Motors.htm
2013.11.09 16:56 B c:\ray\web\shravok.htm --> users.freepages.rootsweb.com /genealogy_html shravok.htm
2013.11.09 16:58 B c:\ray\web\index.htm --> users.freepages.rootsweb.com /genealogy_html index.htm
2013.11.09 16:58 B c:\ray\web\index.htm --> users.freepages.rootsweb.com /genealogy_html index.htm
2013.11.16 17:22 B c:\ray\web\Descendants of Mary Moloney.pdf --> users.freepages.rootsweb.com /genealogy_html Descendants of Mary Moloney.pdf
2013.11.16 17:22 B c:\ray\web\descendants.png --> users.freepages.rootsweb.com /genealogy_html descendants.png
2013.11.16 17:23 B c:\ray\web\descendants.png --> users.freepages.rootsweb.com /genealogy_html descendants.png
2013.11.16 17:23 B c:\ray\web\descendants.png --> users.freepages.rootsweb.com /genealogy_html descendants.png
2013.11.16 17:23 B c:\ray\web\descendants.png --> users.freepages.rootsweb.com /genealogy_html descendants.png
2013.11.16 17:23 B c:\ray\web\Descendants Of Bridget Moloney.pdf --> users.freepages.rootsweb.com /genealogy_html Descendants Of Bridget Moloney.pdf
2013.11.16 17:25 B c:\ray\web\michael & ellen lane.htm --> users.freepages.rootsweb.com /genealogy_html michael & ellen lane.htm
2013.11.16 17:25 B c:\ray\web\michael.htm --> users.freepages.rootsweb.com /genealogy_html michael.htm
2013.11.16 17:36 B c:\ray\web\maloney.htm --> users.freepages.rootsweb.com /genealogy_html maloney.htm
2013.11.16 17:40 B c:\ray\web\index.htm --> users.freepages.rootsweb.com /genealogy_html index.htm
2013.11.26 16:45 B c:\ray\web\Electric Motors.htm --> users.freepages.rootsweb.com /genealogy_html Electric Motors.htm
2013.12.03 18:22 B c:\ray\web\michael.htm <-- ROOTSWEB /genealogy_html michael.htm
2013.12.03 18:22 B c:\ray\web\Michael Jnr.jpg --> users.freepages.rootsweb.com /genealogy_html Michael Jnr.jpg
2013.12.03 18:23 B c:\ray\web\Illowa St Columbus School c1820.jpg --> users.freepages.rootsweb.com /genealogy_html Illowa St Columbus School c1820.jpg
2013.12.03 20:10 B c:\ray\web\Michael Jnr.jpg --> users.freepages.rootsweb.com /genealogy_html Michael Jnr.jpg
2013.12.03 20:11 B c:\ray\web\Michael Jnr.jpg --> users.freepages.rootsweb.com /genealogy_html Michael Jnr.jpg
2013.12.03 20:12 B c:\ray\web\Michael Lane Headstone IMG_1904.jpg --> users.freepages.rootsweb.com /genealogy_html Michael Lane Headstone IMG_1904.jpg
2013.12.03 20:13 B c:\ray\web\Michael Jnr.jpg --> users.freepages.rootsweb.com /genealogy_html Michael Jnr.jpg
2013.12.03 20:13 B c:\ray\web\Michael Lane Jnr.htm --> users.freepages.rootsweb.com /genealogy_html Michael Lane Jnr.htm
2013.12.03 20:27 B c:\ray\web\index.htm --> users.freepages.rootsweb.com /genealogy_html index.htm
2013.12.10 16:41 B c:\ray\web\Electric Motors.htm --> users.freepages.rootsweb.com /genealogy_html Electric Motors.htm
2013.12.10 16:45 B c:\ray\web\index.htm --> users.freepages.rootsweb.com /genealogy_html index.htm
2014.04.29 13:32 B c:\ray\web\Electric Motors.htm --> users.freepages.rootsweb.com /genealogy_html Electric Motors.htm
2014.04.29 13:35 B c:\ray\web\index.htm --> users.freepages.rootsweb.com /genealogy_html index.htm
2014.05.23 15:21 B c:\ray\web\maloney.htm --> users.freepages.rootsweb.com /genealogy_html maloney.htm
2014.05.23 15:22 B c:\ray\web\maloney.htm --> users.freepages.rootsweb.com /genealogy_html maloney.htm
2014.05.23 15:22 B c:\ray\web\index.htm --> users.freepages.rootsweb.com /genealogy_html index.htm
2014.05.27 13:21 B c:\ray\web\maloney.htm --> users.freepages.rootsweb.com /genealogy_html maloney.htm
2014.05.27 15:24 B c:\ray\web\William Lane.htm --> users.freepages.rootsweb.com /genealogy_html William Lane.htm
2014.05.27 15:32 B c:\ray\web\lane emma marriage 1911.jpg --> users.freepages.rootsweb.com /genealogy_html lane emma marriage 1911.jpg
2014.05.27 15:32 B c:\ray\web\William Lane.htm --> users.freepages.rootsweb.com /genealogy_html William Lane.htm
2014.05.27 15:36 B c:\ray\web\index.htm --> users.freepages.rootsweb.com /genealogy_html index.htm
2014.07.10 22:50 B c:\ray\web\arrivals.htm --> users.freepages.rootsweb.com /genealogy_html arrivals.htm
2014.07.10 22:50 B c:\ray\web\William Lane.htm --> users.freepages.rootsweb.com /genealogy_html William Lane.htm
2014.07.10 22:51 B c:\ray\web\index.htm --> users.freepages.rootsweb.com /genealogy_html index.htm
2014.07.10 22:52 B c:\ray\web\Lane James T death  1908_Page_1.jpg --> users.freepages.rootsweb.com /genealogy_html Lane James T death  1908_Page_1.jpg
2014.09.19 16:20 B c:\ray\web\michael & ellen lane.htm <-- ROOTSWEB /genealogy_html michael & ellen lane.htm
2014.09.19 16:23 B c:\ray\web\michael & ellen lane.htm <-- ROOTSWEB /genealogy_html michael & ellen lane.htm
2014.11.24 10:48 B c:\ray\web\michael & ellen lane.htm <-- ROOTSWEB /genealogy_html michael & ellen lane.htm
2014.11.24 10:49 B c:\ray\web\michael & ellen lane.htm --> users.freepages.rootsweb.com / michael & ellen lane.htm
2014.11.24 10:54 B c:\ray\web\michael.htm <-- ROOTSWEB /genealogy_html michael.htm
2014.11.24 11:00 B c:\ray\web\michael & ellen lane.htm --> users.freepages.rootsweb.com /genealogy_html michael & ellen lane.htm
2014.11.24 11:14 B c:\ray\web\michael.htm --> users.freepages.rootsweb.com /genealogy_html michael.htm
2015.01.18 16:59 B c:\ray\web\michael.htm --> users.freepages.rootsweb.com /genealogy_html michael.htm
2015.01.18 17:01 B c:\ray\web\michael.htm --> users.freepages.rootsweb.com /genealogy_html michael.htm
2015.01.18 17:13 B c:\ray\web\arrivals.htm --> users.freepages.rootsweb.com /genealogy_html arrivals.htm
2015.01.18 17:14 B c:\ray\web\index.htm --> users.freepages.rootsweb.com /genealogy_html index.htm
2015.01.26 16:55 B c:\ray\web\index.htm --> users.freepages.rootsweb.com /genealogy_html index.htm
2015.01.26 16:55 B c:\ray\web\arrivals.htm --> users.freepages.rootsweb.com /genealogy_html arrivals.htm
2015.04.17 17:19 B c:\ray\web\index.htm --> users.freepages.rootsweb.com /genealogy_html index.htm
2015.04.17 17:20 B c:\ray\web\shravok.htm --> users.freepages.rootsweb.com /genealogy_html shravok.htm
2015.05.12 16:23 B c:\ray\web\shravok.htm --> users.freepages.rootsweb.com /genealogy_html shravok.htm
2015.05.14 16:22 B c:\ray\web\The Estate Annaghberg 1856.jpg --> users.freepages.rootsweb.com /genealogy_html The Estate Annaghberg 1856.jpg
2015.05.14 16:22 B c:\ray\web\shravok.htm --> users.freepages.rootsweb.com /genealogy_html shravok.htm
2015.05.15 09:41 B c:\ray\web\shravok.htm --> users.freepages.rootsweb.com /genealogy_html shravok.htm
2015.05.15 09:41 B c:\ray\web\Lot 1 1865.jpg --> users.freepages.rootsweb.com /genealogy_html Lot 1 1865.jpg
2015.05.15 09:51 B c:\ray\web\Coditions of Sale.jpg --> users.freepages.rootsweb.com /genealogy_html Coditions of Sale.jpg
2015.05.15 09:51 B c:\ray\web\shravok.htm --> users.freepages.rootsweb.com /genealogy_html shravok.htm
2015.05.15 10:25 B c:\ray\web\Estate View.jpg --> users.freepages.rootsweb.com /genealogy_html Estate View.jpg
2015.05.15 10:25 B c:\ray\web\Blow up of Lot 2.jpg --> users.freepages.rootsweb.com /genealogy_html Blow up of Lot 2.jpg
2015.05.15 10:31 B c:\ray\web\shravok.htm --> users.freepages.rootsweb.com /genealogy_html shravok.htm
2015.05.15 10:31 B c:\ray\web\shravok.htm --> users.freepages.rootsweb.com /genealogy_html shravok.htm
2015.05.15 10:48 B c:\ray\web\shravok.htm --> users.freepages.rootsweb.com /genealogy_html shravok.htm
2015.05.15 10:49 B c:\ray\web\shravok.htm --> users.freepages.rootsweb.com /genealogy_html shravok.htm
2015.05.17 10:34 B c:\ray\web\shravok.htm --> users.freepages.rootsweb.com /genealogy_html shravok.htm
2015.05.17 10:35 B c:\ray\web\shravok.htm --> users.freepages.rootsweb.com /genealogy_html shravok.htm
2015.05.17 10:36 B c:\ray\web\Estate in 1850.bmp --> users.freepages.rootsweb.com /genealogy_html Estate in 1850.bmp
2015.05.17 10:36 B c:\ray\web\Lot 2 1850.jpg --> users.freepages.rootsweb.com /genealogy_html Lot 2 1850.jpg
2015.05.17 10:43 B c:\ray\web\shravok.htm --> users.freepages.rootsweb.com /genealogy_html shravok.htm
2015.05.17 10:44 B c:\ray\web\Sale Doc 1850.jpg --> users.freepages.rootsweb.com /genealogy_html Sale Doc 1850.jpg
2015.05.17 10:53 B c:\ray\web\Lot 3 1850.jpg --> users.freepages.rootsweb.com /genealogy_html Lot 3 1850.jpg
2015.05.17 10:54 B c:\ray\web\shravok.htm --> users.freepages.rootsweb.com /genealogy_html shravok.htm
2015.05.19 16:32 B c:\ray\web\DNA.htm --> users.freepages.rootsweb.com /genealogy_html DNA.htm
2015.05.19 16:32 B c:\ray\web\index.htm --> users.freepages.rootsweb.com /genealogy_html index.htm
2015.05.19 16:48 B c:\ray\web\index.htm --> users.freepages.rootsweb.com /genealogy_html index.htm
2015.05.19 16:48 B c:\ray\web\DNA.htm --> users.freepages.rootsweb.com /genealogy_html DNA.htm
2015.06.08 13:00 B c:\ray\web\shravok.htm --> users.freepages.rootsweb.com /genealogy_html shravok.htm
2015.06.08 13:06 B c:\ray\web\index.htm --> users.freepages.rootsweb.com /genealogy_html index.htm
2015.06.08 13:32 B c:\ray\web\ --> users.freepages.rootsweb.com /genealogy_html 
2015.06.08 13:32 B c:\ray\web\shravok.htm --> users.freepages.rootsweb.com /genealogy_html shravok.htm
2015.06.09 15:20 B c:\ray\web\DNA.htm --> users.freepages.rootsweb.com /genealogy_html DNA.htm
2015.06.09 15:25 B c:\ray\web\DNA.htm --> users.freepages.rootsweb.com /genealogy_html DNA.htm
2015.06.09 15:26 B c:\ray\web\index.htm --> users.freepages.rootsweb.com /genealogy_html index.htm
2015.06.29 10:57 B c:\ray\web\index.htm --> users.freepages.rootsweb.com /genealogy_html index.htm
2015.06.29 10:57 B c:\ray\web\DNA.htm --> users.freepages.rootsweb.com /genealogy_html DNA.htm
2015.07.03 10:07 B c:\ray\web\brookers1.htm --> users.freepages.rootsweb.com /genealogy_html brookers1.htm
2015.07.03 10:07 B c:\ray\web\Emma Peacock Brooker Death Cert.pdf --> users.freepages.rootsweb.com /genealogy_html Emma Peacock Brooker Death Cert.pdf
2015.07.03 10:08 B c:\ray\web\Caroline Brooker Death Cert.pdf --> users.freepages.rootsweb.com /genealogy_html Caroline Brooker Death Cert.pdf
2015.07.03 10:08 B c:\ray\web\brookers1.htm --> users.freepages.rootsweb.com /genealogy_html brookers1.htm
2015.07.03 10:16 B c:\ray\web\Kempster Brooker Marriage Cert.jpg --> users.freepages.rootsweb.com /genealogy_html Kempster Brooker Marriage Cert.jpg
2015.07.03 10:16 B c:\ray\web\brookers1.htm --> users.freepages.rootsweb.com /genealogy_html brookers1.htm
2015.07.03 10:26 B c:\ray\web\John Haines Death Cert.jpg --> users.freepages.rootsweb.com /genealogy_html John Haines Death Cert.jpg
2015.07.03 10:26 B c:\ray\web\brookers1.htm --> users.freepages.rootsweb.com /genealogy_html brookers1.htm
2015.07.03 10:33 B c:\ray\web\Brooker Haines Death Cert.jpg --> users.freepages.rootsweb.com /genealogy_html Brooker Haines Death Cert.jpg
2015.07.03 10:34 B c:\ray\web\brookers1.htm --> users.freepages.rootsweb.com /genealogy_html brookers1.htm
2015.07.03 10:45 B c:\ray\web\Caroline Brooker Death Cert.jpg --> users.freepages.rootsweb.com /genealogy_html Caroline Brooker Death Cert.jpg
2015.07.03 10:45 B c:\ray\web\brookers1.htm --> users.freepages.rootsweb.com /genealogy_html brookers1.htm
2015.07.03 10:52 B c:\ray\web\Emma Peacock Death Cert.jpg --> users.freepages.rootsweb.com /genealogy_html Emma Peacock Death Cert.jpg
2015.07.03 10:52 B c:\ray\web\brookers1.htm --> users.freepages.rootsweb.com /genealogy_html brookers1.htm
2015.07.16 16:43 B c:\ray\web\shravok.htm --> users.freepages.rootsweb.com /genealogy_html shravok.htm
2015.07.16 16:46 B c:\ray\web\index.htm --> users.freepages.rootsweb.com /genealogy_html index.htm
2015.08.03 15:23 B c:\ray\web\DNA.htm --> users.freepages.rootsweb.com /genealogy_html DNA.htm
2015.08.03 15:37 B c:\ray\web\index.htm --> users.freepages.rootsweb.com /genealogy_html index.htm
2015.08.03 16:39 B c:\ray\web\Electric Motors.htm --> users.freepages.rootsweb.com /genealogy_html Electric Motors.htm
2015.08.03 16:43 B c:\ray\web\index.htm --> users.freepages.rootsweb.com /genealogy_html index.htm
2015.11.05 14:38 B c:\ray\web\MT O'DONNELL.jpg --> users.freepages.rootsweb.com /genealogy_html MT O'DONNELL.jpg
2015.11.05 14:39 B c:\ray\web\shravok.htm --> users.freepages.rootsweb.com /genealogy_html shravok.htm
2015.11.05 14:39 B c:\ray\web\index.htm --> users.freepages.rootsweb.com /genealogy_html index.htm
2017.04.26 16:38 B c:\ray\web\BROOKE2.htm --> users.freepages.rootsweb.com /genealogy_html BROOKE2.htm
2017.05.15 14:14 B c:\ray\web\Blow up of Lot 2.jpg --> users.freepages.rootsweb.com /genealogy_html Blow up of Lot 2.jpg
2017.05.15 14:16 B c:\ray\web\Wm Lane Petition For Naturalization.jpg --> users.freepages.rootsweb.com /genealogy_html Wm Lane Petition For Naturalization.jpg
2017.05.15 14:18 B c:\ray\web\BROOKE2.htm --> users.freepages.rootsweb.com /genealogy_html BROOKE2.htm
2017.08.28 15:20 B c:\ray\web\Other Lane Shravok Families..htm --> users.freepages.rootsweb.com /genealogy_html Other Lane Shravok Families..htm
2017.08.29 15:24 B c:\ray\web\Electric Motors.htm --> users.freepages.rootsweb.com /genealogy_html Electric Motors.htm
2017.08.29 15:28 B c:\ray\web\William Lane.htm <-- ROOTSWEB /genealogy_html William Lane.htm
2017.09.01 09:43 B c:\ray\web\shravok.htm --> users.freepages.rootsweb.com /genealogy_html shravok.htm
2017.09.01 10:36 B c:\ray\web\shravok.htm --> users.freepages.rootsweb.com /genealogy_html shravok.htm
2017.09.01 10:39 B c:\ray\web\index.htm --> users.freepages.rootsweb.com /genealogy_html index.htm
2017.09.01 11:17 B c:\ray\web\Other Lane Shravok Families..htm --> users.freepages.rootsweb.com /genealogy_html Other Lane Shravok Families..htm
2017.09.01 11:19 B c:\ray\web\shravok.htm --> users.freepages.rootsweb.com /genealogy_html shravok.htm
2017.09.01 11:21 B c:\ray\web\index.htm --> users.freepages.rootsweb.com /genealogy_html index.htm
2017.09.01 11:22 B c:\ray\web\index.htm --> users.freepages.rootsweb.com /genealogy_html index.htm
2017.09.01 11:25 B c:\ray\web\index.htm --> users.freepages.rootsweb.com /genealogy_html index.htm
2017.09.04 09:10 B c:\ray\web\James Spaight's Grave.jpg --> users.freepages.rootsweb.com /genealogy_html James Spaight's Grave.jpg
2017.09.04 15:29 B c:\ray\web\Other Lane Shravok Families..htm --> users.freepages.rootsweb.com /genealogy_html Other Lane Shravok Families..htm
2017.09.04 16:08 B c:\ray\web\William Lane 1htm.htm --> users.freepages.rootsweb.com /genealogy_html William Lane 1htm.htm
2017.09.04 16:13 B c:\ray\web\index.htm --> users.freepages.rootsweb.com /genealogy_html index.htm
2017.09.04 16:25 B c:\ray\web\index.htm --> users.freepages.rootsweb.com /genealogy_html index.htm
2017.09.04 16:32 B c:\ray\web\index.htm --> users.freepages.rootsweb.com /genealogy_html index.htm
2017.09.04 16:40 B c:\ray\web\William Lane 1htm.htm --> users.freepages.rootsweb.com /genealogy_html William Lane 1htm.htm
2017.09.04 16:40 B c:\ray\web\index.htm --> users.freepages.rootsweb.com /genealogy_html index.htm
2017.09.05 12:11 B c:\ray\web\William Lane 1htm.htm --> users.freepages.rootsweb.com /genealogy_html William Lane 1htm.htm
2017.09.05 12:14 B c:\ray\web\William Lane 1htm.htm --> users.freepages.rootsweb.com /genealogy_html William Lane 1htm.htm
2017.09.06 13:29 B c:\ray\web\William Lane 1htm.htm --> users.freepages.rootsweb.com /genealogy_html William Lane 1htm.htm
2017.09.06 14:42 B c:\ray\web\Other Lane Shravok Families..htm --> users.freepages.rootsweb.com /genealogy_html Other Lane Shravok Families..htm
2017.09.06 15:38 B c:\ray\web\Other Lane Shravok Families..htm --> users.freepages.rootsweb.com /genealogy_html Other Lane Shravok Families..htm
2017.09.09 17:40 B c:\ray\web\index.htm --> users.freepages.rootsweb.com /genealogy_html index.htm
2017.09.09 17:43 B c:\ray\web\Lane Various Family Trees.htm --> users.freepages.rootsweb.com /genealogy_html Lane Various Family Trees.htm
2017.09.09 17:46 B c:\ray\web\index.htm --> users.freepages.rootsweb.com /genealogy_html index.htm
2017.09.09 17:47 B c:\ray\web\Lane Various Family Trees.htm --> users.freepages.rootsweb.com /genealogy_html Lane Various Family Trees.htm
2017.09.09 18:23 B c:\ray\web\Lane Various Family Trees.htm --> users.freepages.rootsweb.com /genealogy_html Lane Various Family Trees.htm
2017.09.09 18:24 B c:\ray\web\index.htm --> users.freepages.rootsweb.com /genealogy_html index.htm
2017.09.10 10:12 B c:\ray\web\index.htm --> users.freepages.rootsweb.com /genealogy_html index.htm
2017.09.10 10:12 B c:\ray\web\Lane Various Family Trees.htm --> users.freepages.rootsweb.com /genealogy_html Lane Various Family Trees.htm
2017.09.10 10:41 B c:\ray\web\Lane Various Family Trees.htm --> users.freepages.rootsweb.com /genealogy_html Lane Various Family Trees.htm
2017.09.11 09:20 B c:\ray\web\Lane Various Family Trees.htm --> users.freepages.rootsweb.com /genealogy_html Lane Various Family Trees.htm
2017.09.12 10:55 B c:\ray\web\Lane Various Family Trees.htm --> users.freepages.rootsweb.com /genealogy_html Lane Various Family Trees.htm
2017.09.12 15:05 B c:\ray\web\shravok.htm --> users.freepages.rootsweb.com /genealogy_html shravok.htm
2017.09.12 15:05 B c:\ray\web\Other Lane Shravok Families..htm --> users.freepages.rootsweb.com /genealogy_html Other Lane Shravok Families..htm
2017.09.12 15:14 B c:\ray\web\index.htm --> users.freepages.rootsweb.com /genealogy_html index.htm
2017.09.13 13:16 B c:\ray\web\Other Lane Shravok Families..htm --> users.freepages.rootsweb.com /genealogy_html Other Lane Shravok Families..htm
2017.09.15 08:53 B c:\ray\web\arrivals.htm --> users.freepages.rootsweb.com /genealogy_html arrivals.htm
2017.09.15 08:56 B c:\ray\web\Roger Lane Marriage.jpg --> users.freepages.rootsweb.com /genealogy_html Roger Lane Marriage.jpg
2017.09.15 08:57 B c:\ray\web\arrivals.htm --> users.freepages.rootsweb.com /genealogy_html arrivals.htm
2017.09.15 08:59 B c:\ray\web\arrivals.htm --> users.freepages.rootsweb.com /genealogy_html arrivals.htm
2017.09.15 08:59 B c:\ray\web\Roger Lane Marriage.jpg --> users.freepages.rootsweb.com /genealogy_html Roger Lane Marriage.jpg
2017.09.15 09:00 B c:\ray\web\arrivals.htm --> users.freepages.rootsweb.com /genealogy_html arrivals.htm
2017.09.15 09:08 B c:\ray\web\Roger Lane Marriage.jpg --> users.freepages.rootsweb.com /genealogy_html Roger Lane Marriage.jpg
2017.09.15 09:09 B c:\ray\web\arrivals.htm --> users.freepages.rootsweb.com /genealogy_html arrivals.htm
2017.09.15 09:13 B c:\ray\web\arrivals.htm --> users.freepages.rootsweb.com /genealogy_html arrivals.htm
2017.10.25 12:33 B c:\ray\web\shravok.htm --> users.freepages.rootsweb.com /genealogy_html shravok.htm
2017.10.25 12:36 B c:\ray\web\index.htm --> users.freepages.rootsweb.com /genealogy_html index.htm
2017.10.25 12:51 B c:\ray\web\index.htm --> users.freepages.rootsweb.com /genealogy_html index.htm
2017.10.25 15:51 B c:\ray\web\shravok.htm --> users.freepages.rootsweb.com /genealogy_html shravok.htm
2017.10.28 14:38 B c:\ray\web\Other Lane Shravok Families..htm --> users.freepages.rootsweb.com /genealogy_html Other Lane Shravok Families..htm
2017.10.28 14:59 B c:\ray\web\arrivals.htm --> users.freepages.rootsweb.com /genealogy_html arrivals.htm
2017.11.21 09:25 B c:\ray\web\tomlane.htm --> users.freepages.rootsweb.com /genealogy_html tomlane.htm
2017.12.04 13:24 B c:\ray\web\index.htm --> users.freepages.rootsweb.com /genealogy_html index.htm
2017.12.04 13:26 B c:\ray\web\Old Crossley Vic, Photos.htm --> users.freepages.rootsweb.com /genealogy_html Old Crossley Vic, Photos.htm
2017.12.04 13:47 B c:\ray\web\index.htm --> users.freepages.rootsweb.com /genealogy_html index.htm
2017.12.04 13:48 B c:\ray\web\Old Crossley Vic, Photos.htm --> users.freepages.rootsweb.com /genealogy_html Old Crossley Vic, Photos.htm
2017.12.04 14:09 B c:\ray\web\Old Crossley Vic, Photos.htm --> users.freepages.rootsweb.com /genealogy_html Old Crossley Vic, Photos.htm
2017.12.04 14:15 B c:\ray\web\Opening of St Bridget's Church Crossley Committee with Dr Mannix and Dr Higgins 1914.jpg --> users.freepages.rootsweb.com /genealogy_html Opening of St Bridget's Church Crossley Committee with Dr Mannix and Dr Higgins 1914.jpg
2017.12.04 14:18 B c:\ray\web\Old Crossley Vic, Photos.htm --> users.freepages.rootsweb.com /genealogy_html Old Crossley Vic, Photos.htm
2017.12.05 09:48 B c:\ray\web\index.htm --> users.freepages.rootsweb.com /genealogy_html index.htm
2017.12.05 09:59 B c:\ray\web\MG Harvester.JPG --> users.freepages.rootsweb.com /genealogy_html MG Harvester.JPG
2017.12.05 10:01 B c:\ray\web\Old Crossley Vic, Photos.htm --> users.freepages.rootsweb.com /genealogy_html Old Crossley Vic, Photos.htm
